gthr-default.h:229:1:int __gthread_key_delete(__gthread_key_t)	16	static
ios_base.h:83:3:constexpr std::_Ios_Fmtflags std::operator&(std::_Ios_Fmtflags, std::_Ios_Fmtflags)	16	static
ios_base.h:87:3:constexpr std::_Ios_Fmtflags std::operator|(std::_Ios_Fmtflags, std::_Ios_Fmtflags)	16	static
ios_base.h:95:3:constexpr std::_Ios_Fmtflags std::operator~(std::_Ios_Fmtflags)	16	static
ios_base.h:99:3:const std::_Ios_Fmtflags& std::operator|=(std::_Ios_Fmtflags&, std::_Ios_Fmtflags)	16	static
ios_base.h:103:3:const std::_Ios_Fmtflags& std::operator&=(std::_Ios_Fmtflags&, std::_Ios_Fmtflags)	16	static
ios_base.h:663:5:std::ios_base::fmtflags std::ios_base::setf(std::ios_base::fmtflags, std::ios_base::fmtflags)	40	static
ios_base.h:1041:3:std::ios_base& std::fixed(std::ios_base&)	16	static
Params.h:118:3:Dsp::ParamInfo::ParamInfo(Dsp::ParamID, const char*, const char*, double, double, double, Dsp::ParamInfo::toControlValue_t, Dsp::ParamInfo::toNativeValue_t, Dsp::ParamInfo::toString_t)	48	static
Params.h:174:10:double Dsp::ParamInfo::toNativeValue(double) const	24	static
iomanip:195:3:std::_Setprecision std::setprecision(int)	16	static
Param.cpp:46:1:Dsp::ParamInfo::ParamInfo()	24	static
Param.cpp:51:8:double Dsp::ParamInfo::clamp(double) const	48	static
Param.cpp:64:8:double Dsp::ParamInfo::Int_toControlValue(double) const	40	static
Param.cpp:69:8:double Dsp::ParamInfo::Int_toNativeValue(double) const	32	static
Param.cpp:76:8:double Dsp::ParamInfo::Real_toControlValue(double) const	40	static
Param.cpp:81:8:double Dsp::ParamInfo::Real_toNativeValue(double) const	32	static
Param.cpp:88:8:double Dsp::ParamInfo::Log_toControlValue(double) const	56	static
Param.cpp:96:8:double Dsp::ParamInfo::Log_toNativeValue(double) const	56	static
Param.cpp:106:8:double Dsp::ParamInfo::Pow2_toControlValue(double) const	40	static
Param.cpp:111:8:double Dsp::ParamInfo::Pow2_toNativeValue(double) const	32	static
Param.cpp:118:13:std::__cxx11::string Dsp::ParamInfo::Int_toString(double) const	224	static
Param.cpp:125:13:std::__cxx11::string Dsp::ParamInfo::Hz_toString(double) const	224	static
Param.cpp:132:13:std::__cxx11::string Dsp::ParamInfo::Real_toString(double) const	232	static
Param.cpp:139:13:std::__cxx11::string Dsp::ParamInfo::Db_toString(double) const	248	static
Param.cpp:156:11:static Dsp::ParamInfo Dsp::ParamInfo::defaultSampleRateParam()	64	static
Param.cpp:165:11:static Dsp::ParamInfo Dsp::ParamInfo::defaultCutoffFrequencyParam()	64	static
Param.cpp:174:11:static Dsp::ParamInfo Dsp::ParamInfo::defaultCenterFrequencyParam()	64	static
Param.cpp:183:11:static Dsp::ParamInfo Dsp::ParamInfo::defaultQParam()	64	static
Param.cpp:192:11:static Dsp::ParamInfo Dsp::ParamInfo::defaultBandwidthParam()	64	static
Param.cpp:201:11:static Dsp::ParamInfo Dsp::ParamInfo::defaultBandwidthHzParam()	64	static
Param.cpp:210:11:static Dsp::ParamInfo Dsp::ParamInfo::defaultGainParam()	64	static
Param.cpp:219:11:static Dsp::ParamInfo Dsp::ParamInfo::defaultSlopeParam()	64	static
Param.cpp:228:11:static Dsp::ParamInfo Dsp::ParamInfo::defaultRippleDbParam()	64	static
Param.cpp:237:11:static Dsp::ParamInfo Dsp::ParamInfo::defaultStopDbParam()	64	static
Param.cpp:246:11:static Dsp::ParamInfo Dsp::ParamInfo::defaultRolloffParam()	64	static
Param.cpp:255:11:static Dsp::ParamInfo Dsp::ParamInfo::defaultPoleRhoParam()	64	static
Param.cpp:264:11:static Dsp::ParamInfo Dsp::ParamInfo::defaultPoleThetaParam()	64	static
Param.cpp:273:11:static Dsp::ParamInfo Dsp::ParamInfo::defaultZeroRhoParam()	64	static
Param.cpp:282:11:static Dsp::ParamInfo Dsp::ParamInfo::defaultZeroThetaParam()	64	static
Param.cpp:291:11:static Dsp::ParamInfo Dsp::ParamInfo::defaultPoleRealParam()	64	static
Param.cpp:300:11:static Dsp::ParamInfo Dsp::ParamInfo::defaultZeroRealParam()	64	static
Param.cpp:308:1:void __static_initialization_and_destruction_0(int, int)	16	static
Param.cpp:308:1:cpp)	8	static
Param.cpp:308:1:cpp)	8	static
