std_abs.h:70:3:constexpr double std::abs(double)	16	static
gthr-default.h:229:1:int __gthread_key_delete(__gthread_key_t)	16	static
complex:1209:26:constexpr std::complex<double>::complex(double, double)	32	static
complex:1229:7:constexpr double std::complex<double>::real() const	16	static
complex:1233:7:constexpr double std::complex<double>::imag() const	16	static
complex:1257:7:std::complex<double>& std::complex<double>::operator=(double)	24	static
complex:1264:7:std::complex<double>& std::complex<double>::operator+=(double)	32	static
complex:1271:7:std::complex<double>& std::complex<double>::operator-=(double)	32	static
complex:1278:7:std::complex<double>& std::complex<double>::operator*=(double)	48	static
limits:1715:7:static constexpr double std::numeric_limits<double>::infinity()	8	static
MathSupplement.h:64:24:const complex_t Dsp::infinity()	32	static
MathSupplement.h:113:13:bool Dsp::is_nan(Ty) [with Ty = std::complex<double>]	32	static
Types.h:51:12:Dsp::ComplexPair::ComplexPair(const complex_t&)	32	static
Types.h:57:3:Dsp::ComplexPair::ComplexPair(const complex_t&, const complex_t&)	24	static
Types.h:68:8:bool Dsp::ComplexPair::isReal() const	16	static
Types.h:75:8:bool Dsp::ComplexPair::isMatchedPair() const	40	static
Types.h:100:3:Dsp::PoleZeroPair::PoleZeroPair(const complex_t&, const complex_t&)	24	static
Types.h:106:3:Dsp::PoleZeroPair::PoleZeroPair(const complex_t&, const complex_t&, const complex_t&, const complex_t&)	24	static
Layout.h:74:8:void Dsp::LayoutBase::reset()	16	static
Layout.h:79:7:int Dsp::LayoutBase::getNumPoles() const	16	static
Types.h:45:8:Dsp::ComplexPair& Dsp::ComplexPair::operator=(Dsp::ComplexPair&&)	16	static
Types.h:92:8:Dsp::PoleZeroPair& Dsp::PoleZeroPair::operator=(Dsp::PoleZeroPair&&)	16	static
Layout.h:89:8:void Dsp::LayoutBase::add(const complex_t&, const complex_t&)	96	static
Layout.h:97:8:void Dsp::LayoutBase::addPoleZeroConjugatePairs(Dsp::complex_t, Dsp::complex_t)	160	static
Layout.h:107:8:void Dsp::LayoutBase::add(const Dsp::ComplexPair&, const Dsp::ComplexPair&)	104	static
Layout.h:117:23:const Dsp::PoleZeroPair& Dsp::LayoutBase::getPair(int) const	16	static
Layout.h:123:23:const Dsp::PoleZeroPair& Dsp::LayoutBase::operator[](int) const	16	static
Layout.h:128:10:double Dsp::LayoutBase::getNormalW() const	16	static
Layout.h:133:10:double Dsp::LayoutBase::getNormalGain() const	16	static
Layout.h:138:8:void Dsp::LayoutBase::setNormal(double, double)	32	static
PoleFilter.cpp:43:11:Dsp::complex_t Dsp::LowPassTransform::transform(Dsp::complex_t)	120	static
PoleFilter.cpp:55:1:Dsp::LowPassTransform::LowPassTransform(double, Dsp::LayoutBase&, const Dsp::LayoutBase&)	112	static
PoleFilter.cpp:86:11:Dsp::complex_t Dsp::HighPassTransform::transform(Dsp::complex_t)	136	static
PoleFilter.cpp:98:1:Dsp::HighPassTransform::HighPassTransform(double, Dsp::LayoutBase&, const Dsp::LayoutBase&)	112	static
PoleFilter.cpp:129:1:Dsp::BandPassTransform::BandPassTransform(double, double, Dsp::LayoutBase&, const Dsp::LayoutBase&)	264	static
PoleFilter.cpp:206:13:Dsp::ComplexPair Dsp::BandPassTransform::transform(Dsp::complex_t)	384	static
PoleFilter.cpp:235:1:Dsp::BandStopTransform::BandStopTransform(double, double, Dsp::LayoutBase&, const Dsp::LayoutBase&)	280	static
PoleFilter.cpp:309:13:Dsp::ComplexPair Dsp::BandStopTransform::transform(Dsp::complex_t)	304	static
MathSupplement.h:107:13:bool Dsp::is_nan(Ty) [with Ty = double]	24	static
move.h:73:5:constexpr _Tp&& std::forward(typename std::remove_reference<_From>::type&) [with _Tp = double]	16	static
stl_pair.h:314:18:constexpr std::pair<_T1, _T2>::pair(const _T1&, _U2&&) [with _U2 = double; typename std::enable_if<std::_PCC<true, _T1, _T2>::_CopyMovePair<true, _T1, _U2>(), bool>::type <anonymous> = 1; _T1 = std::complex<double>; _T2 = std::complex<double>]	32	static
stl_pair.h:249:17:constexpr std::pair<_T1, _T2>::pair(const _T1&, const _T2&) [with _U1 = std::complex<double>; _U2 = std::complex<double>; typename std::enable_if<(std::_PCC<true, _T1, _T2>::_ConstructiblePair<_U1, _U2>() && std::_PCC<true, _T1, _T2>::_ImplicitlyConvertiblePair<_U1, _U2>()), bool>::type <anonymous> = 1; _T1 = std::complex<double>; _T2 = std::complex<double>]	24	static
complex:679:5:std::complex<_Tp> std::conj(const std::complex<_Tp>&) [with _Tp = double]	48	static
complex:458:5:constexpr bool std::operator==(const std::complex<_Tp>&, const std::complex<_Tp>&) [with _Tp = double]	24	static
move.h:73:5:constexpr _Tp&& std::forward(typename std::remove_reference<_From>::type&) [with _Tp = std::complex<double>]	16	static
stl_pair.h:384:7:std::pair<_T1, _T2>& std::pair<_T1, _T2>::operator=(typename std::conditional<std::__and_<std::is_move_assignable<_Tp>, std::is_move_assignable<_T2> >::value, std::pair<_T1, _T2>&&, std::__nonesuch_no_braces&&>::type) [with _T1 = std::complex<double>; _T2 = std::complex<double>]	24	static
complex:404:5:std::complex<_Tp> std::operator*(const _Tp&, const std::complex<_Tp>&) [with _Tp = double]	40	static
complex:344:5:std::complex<_Tp> std::operator+(const _Tp&, const std::complex<_Tp>&) [with _Tp = double]	40	static
complex:374:5:std::complex<_Tp> std::operator-(const _Tp&, const std::complex<_Tp>&) [with _Tp = double]	48	static
complex:416:5:std::complex<_Tp> std::operator/(const std::complex<_Tp>&, const std::complex<_Tp>&) [with _Tp = double]	40	static
complex:451:5:std::complex<_Tp> std::operator-(const std::complex<_Tp>&) [with _Tp = double]	48	static
MathSupplement.h:78:25:std::complex<_Tp> Dsp::addmul(const std::complex<_Tp>&, Ty, const std::complex<_Up>&) [with Ty = double; To = double]	64	static
complex:1323:9:std::complex<double>& std::complex<double>::operator*=(const std::complex<_Tp>&) [with _Tp = double]	56	static
complex:903:5:std::complex<_Tp> std::sqrt(const std::complex<_Tp>&) [with _Tp = double]	24	static
complex:335:5:std::complex<_Tp> std::operator+(const std::complex<_Tp>&, const _Tp&) [with _Tp = double]	40	static
move.h:98:5:constexpr typename std::remove_reference< <template-parameter-1-1> >::type&& std::move(_Tp&&) [with _Tp = std::complex<double>&]	16	static
move.h:187:5:typename std::enable_if<std::__and_<std::__not_<std::__is_tuple_like<_Tp> >, std::is_move_constructible<_Tp>, std::is_move_assignable<_Tp> >::value>::type std::swap(_Tp&, _Tp&) [with _Tp = std::complex<double>]	40	static
complex:395:5:std::complex<_Tp> std::operator*(const std::complex<_Tp>&, const _Tp&) [with _Tp = double]	40	static
complex:1334:9:std::complex<double>& std::complex<double>::operator/=(const std::complex<_Tp>&) [with _Tp = double]	56	static
complex:866:5:std::complex<_Tp> std::__complex_sqrt(const std::complex<_Tp>&) [with _Tp = double]	120	static
complex:603:5:_Tp std::abs(const std::complex<_Tp>&) [with _Tp = double]	16	static
complex:574:5:_Tp std::__complex_abs(const std::complex<_Tp>&) [with _Tp = double]	64	static
stl_algobase.h:219:5:const _Tp& std::max(const _Tp&, const _Tp&) [with _Tp = double]	24	static
